    1s level    0 code 128  strobes/s  4  FIRING
    2s level    0 code 128  strobes/s  4  FIRING
    3s level    0 code 128  strobes/s  3  FIRING
    5s level    0 code 128  strobes/s  4  FIRING
    6s level    0 code 128  strobes/s  4  FIRING
    7s level    0 code 128  strobes/s  4  FIRING
    8s level    0 code 128  strobes/s  3  FIRING
    9s level    0 code 128  strobes/s  4  FIRING
   10s level    0 code 128  strobes/s  4  FIRING
   11s level    0 code 128  strobes/s  4  FIRING
   13s level    0 code 128  strobes/s  4  FIRING
   14s level    0 code 128  strobes/s  3  FIRING
   15s level    0 code 128  strobes/s  4  FIRING
   16s level    0 code 128  strobes/s  4  FIRING
   17s level    0 code 128  strobes/s  4  FIRING
   18s level    0 code 128  strobes/s  3  FIRING
   19s level    0 code 128  strobes/s  4  FIRING
   20s level    0 code 128  strobes/s  4  FIRING
   22s level    0 code 128  strobes/s  4  FIRING
   23s level    0 code 128  strobes/s  4  FIRING
   24s level    0 code 128  strobes/s  3  FIRING
   25s level    0 code 128  strobes/s  4  FIRING
   26s level    0 code 128  strobes/s  4  FIRING
   27s level    0 code 128  strobes/s  4  FIRING
   28s level    0 code 128  strobes/s  4  FIRING
   30s level    0 code 128  strobes/s  3  FIRING
   31s level    0 code 128  strobes/s  4  FIRING
   32s level    0 code 128  strobes/s  4  FIRING
   33s level    0 code 128  strobes/s  3  FIRING
   34s level    0 code 128  strobes/s  4  FIRING
   35s level    0 code 128  strobes/s  4  FIRING
   36s level    0 code 128  strobes/s  4  FIRING
   38s level    0 code 128  strobes/s  4  FIRING
   39s level    0 code 128  strobes/s  3  FIRING
   40s level    0 code 128  strobes/s  4  FIRING
   41s level    0 code 128  strobes/s  4  FIRING
   42s level    0 code 128  strobes/s  4  FIRING
   43s level    0 code 128  strobes/s  4  FIRING
   44s level    0 code 128  strobes/s  4  FIRING
   46s level    0 code 128  strobes/s  3  FIRING
   47s level    0 code 128  strobes/s  4  FIRING
   48s level    0 code 128  strobes/s  4  FIRING
   49s level    0 code 128  strobes/s  3  FIRING
   50s level    0 code 128  strobes/s  4  FIRING
   51s level    0 code 128  strobes/s  4  FIRING
   52s level    0 code 128  strobes/s  4  FIRING
   54s level    0 code 128  strobes/s  4  FIRING
   55s level    0 code 128  strobes/s  3  FIRING
   56s level    0 code 128  strobes/s  4  FIRING
   57s level    0 code 128  strobes/s  4  FIRING
   58s level    0 code 128  strobes/s  4  FIRING
   59s level    0 code 128  strobes/s  3  FIRING
   60s level    0 code 128  strobes/s  4  FIRING
   61s level    0 code 128  strobes/s  4  FIRING
   63s level    0 code 128  strobes/s  4  FIRING
   64s level    0 code 128  strobes/s  3  FIRING
   65s level    0 code 128  strobes/s  4  FIRING
   66s level    0 code 128  strobes/s  4  FIRING
   67s level    0 code 128  strobes/s  4  FIRING
   68s level    0 code 128  strobes/s  4  FIRING
   69s level    0 code 128  strobes/s  3  FIRING
   71s level    0 code 128  strobes/s  4  FIRING
   72s level    0 code 128  strobes/s  4  FIRING
   73s level    0 code 128  strobes/s  4  FIRING
   74s level    0 code 128  strobes/s  4  FIRING
   75s level    0 code 128  strobes/s  4  FIRING
   76s level    0 code 128  strobes/s  3  FIRING
   77s level    0 code 128  strobes/s  4  FIRING
   79s level    0 code 128  strobes/s  4  FIRING
   80s level    0 code 128  strobes/s  4  FIRING
   81s level    0 code 128  strobes/s  4  FIRING
   82s level    0 code 128  strobes/s  3  FIRING
   83s level    0 code 128  strobes/s  4  FIRING
   84s level    0 code 128  strobes/s  4  FIRING
   85s level    0 code 128  strobes/s  4  FIRING
   87s level    0 code 128  strobes/s  3  FIRING
   88s level    0 code 128  strobes/s  4  FIRING
   89s level    0 code 128  strobes/s  4  FIRING
   90s level    0 code 128  strobes/s  4  FIRING
   91s level    0 code 128  strobes/s  4  FIRING
   92s level    0 code 128  strobes/s  3  FIRING
   93s level    0 code 128  strobes/s  4  FIRING
   95s level    0 code 128  strobes/s  4  FIRING
   96s level    0 code 128  strobes/s  4  FIRING
   97s level    0 code 128  strobes/s  4  FIRING
   98s level    0 code 128  strobes/s  3  FIRING
   99s level    0 code 128  strobes/s  4  FIRING
  100s level    0 code 128  strobes/s  4  FIRING
  101s level    0 code 128  strobes/s  4  FIRING
  103s level    5 code 134  strobes/s  3  FIRING
  104s level   10 code 140  strobes/s  4  FIRING
  105s level   10 code 140  strobes/s  3  FIRING
  106s level   10 code 140  strobes/s  4  FIRING
  107s level   15 code 146  strobes/s  3  FIRING
  108s level   15 code 146  strobes/s  4  FIRING
  109s level   15 code 146  strobes/s  4  FIRING
  111s level   15 code 146  strobes/s  4  FIRING
  112s level   20 code 152  strobes/s  3  FIRING
  113s level   20 code 152  strobes/s  4  FIRING
  114s level   20 code 152  strobes/s  4  FIRING
  115s level   25 code 159  strobes/s  4  FIRING
  116s level   30 code 165  strobes/s  3  FIRING
  117s level   35 code 171  strobes/s  3  FIRING
  118s level   45 code 177  strobes/s  4  FIRING
  120s level   50 code 190  strobes/s  3  FIRING
  121s level   55 code 196  strobes/s  4  FIRING
  122s level   60 code 202  strobes/s  4  FIRING
  123s level   60 code 202  strobes/s  4  FIRING
  124s level   60 code 202  strobes/s  3  FIRING
  125s level   60 code 202  strobes/s  4  FIRING
  127s level   60 code 202  strobes/s  4  FIRING
  128s level   65 code 208  strobes/s  3  FIRING
  129s level   70 code 214  strobes/s  2  FIRING
  130s level   75 code 221  strobes/s  0  held
  131s level   70 code 214  strobes/s  0  held
  132s level   60 code 202  strobes/s  2  FIRING
  133s level   50 code 196  strobes/s  3  FIRING
  134s level   40 code 177  strobes/s  3  FIRING
  136s level   30 code 165  strobes/s  3  FIRING
  137s level   20 code 159  strobes/s  4  FIRING
  138s level   15 code 146  strobes/s  2  FIRING
  139s level   10 code 140  strobes/s  4  FIRING
  140s level   10 code 140  strobes/s  3  FIRING
  141s level   15 code 146  strobes/s  4  FIRING
  142s level   25 code 159  strobes/s  3  FIRING
  143s level   35 code 171  strobes/s  3  FIRING
  144s level   35 code 171  strobes/s  4  FIRING
  146s level   35 code 171  strobes/s  4  FIRING
  147s level   40 code 177  strobes/s  3  FIRING
  148s level   40 code 177  strobes/s  4  FIRING
  149s level   45 code 183  strobes/s  4  FIRING
  150s level   55 code 196  strobes/s  3  FIRING
  151s level   60 code 202  strobes/s  3  FIRING
  152s level   70 code 214  strobes/s  2  FIRING
  153s level   70 code 214  strobes/s  0  held
  155s level   70 code 214  strobes/s  0  held
  156s level   65 code 208  strobes/s  1  FIRING
  157s level   65 code 208  strobes/s  3  FIRING
  158s level   70 code 214  strobes/s  0  held
  159s level   70 code 214  strobes/s  0  held
  160s level   70 code 214  strobes/s  0  held
  161s level   70 code 214  strobes/s  0  held
  163s level   70 code 214  strobes/s  0  held
  164s level   70 code 214  strobes/s  0  held
  165s level   70 code 214  strobes/s  0  held
  166s level   70 code 214  strobes/s  0  held
  167s level   70 code 214  strobes/s  0  held
  168s level   70 code 214  strobes/s  0  held
  170s level   70 code 214  strobes/s  0  held
  171s level   70 code 214  strobes/s  0  held
  172s level   65 code 208  strobes/s  1  FIRING
  173s level   70 code 214  strobes/s  2  FIRING
  174s level   70 code 214  strobes/s  0  held
  175s level   70 code 214  strobes/s  0  held
  176s level   70 code 214  strobes/s  0  held
  178s level   70 code 214  strobes/s  0  held
  179s level   70 code 214  strobes/s  0  held
  180s level   65 code 208  strobes/s  0  held
  181s level   70 code 214  strobes/s  2  FIRING
  182s level   70 code 214  strobes/s  0  held
  183s level   65 code 208  strobes/s  1  FIRING
  184s level   65 code 208  strobes/s  2  FIRING
  186s level   65 code 208  strobes/s  2  FIRING
  187s level   65 code 208  strobes/s  3  FIRING
  188s level   65 code 208  strobes/s  3  FIRING
  189s level   65 code 208  strobes/s  3  FIRING
  190s level   65 code 208  strobes/s  2  FIRING
  191s level   65 code 208  strobes/s  4  FIRING
  192s level   65 code 208  strobes/s  3  FIRING
  193s level   65 code 208  strobes/s  2  FIRING
  195s level   65 code 208  strobes/s  2  FIRING
  196s level   65 code 208  strobes/s  3  FIRING
  197s level   65 code 208  strobes/s  3  FIRING
  198s level   65 code 208  strobes/s  3  FIRING
  199s level   65 code 208  strobes/s  3  FIRING
  200s level   65 code 208  strobes/s  2  FIRING
  201s level   65 code 208  strobes/s  2  FIRING
  203s level   65 code 208  strobes/s  2  FIRING
  204s level   65 code 208  strobes/s  3  FIRING
  205s level   65 code 208  strobes/s  2  FIRING
