device Build: Sep 22 2026 19:13:27
setup: range 6 both channels, timebase 0x10, soft trigger on

===== TRIGGER / ACQUISITION BLOCK (EXP-54 arms) =====
setup: range 5 CH1, level 0, AUTO; JDS CH1 only
  acq poll gap 30 ms; poll starts 181 ms after a handover (derived: fill + 100 ms); last handover after 195 poll
  acq poll start 181 ms after a handover (derived: fill + 100 ms, rate idx 0x10)
  acq AUTO edge-wait 475 ms before the free-run fallback read (derived from timebase, rate idx 0x10)
  host centre: DAC1=2507 -> record midline 115 (target 114)
  precondition: CH1 record 64..166 span 102 -> OK

== NORMAL 0x0E sine  (fs 49930 S/s, normal, level +0) ==
        gens           [274, 288, 302, 316, 330] -> advancing
        status         edges +40 commits +20 dropped +0 unclassified +0 latency 1 ms polls-before-last 4
  PASS  advancing      5 distinct generations of 5 grabs
  PASS  strobed        PC0 edges +40, commits +20
  PASS  no-commit-unstrobed PC0 edges +40 >= SPI3 OK +40 (dropped +0; edges-OK = 0)

== NORMAL 0x10 sine  (fs 12490 S/s, normal, level +0) ==
        gens           [370, 380, 392, 402, 414] -> advancing
        status         edges +28 commits +14 dropped +0 unclassified +1 latency 1 ms polls-before-last 4
  PASS  advancing      5 distinct generations of 5 grabs
  PASS  strobed        PC0 edges +28, commits +14
  PASS  no-commit-unstrobed PC0 edges +28 >= SPI3 OK +28 (dropped +0; edges-OK = 0)
  PASS  body           phase-step anomaly runs [1, 1, 1, 1, 1] (<= 1: one seam, no tear; max step 101 deg)
  PASS  freq           200.7 Hz vs 201.2 commanded (-0.26%)

== NORMAL 0x11 sine  (fs 4991 S/s, normal, level +0) ==
        gens           [438, 446, 456, 464, 472] -> advancing
        status         edges +22 commits +11 dropped +0 unclassified +2 latency 1 ms polls-before-last 4
  PASS  advancing      5 distinct generations of 5 grabs
  PASS  strobed        PC0 edges +22, commits +11
  PASS  no-commit-unstrobed PC0 edges +22 >= SPI3 OK +22 (dropped +0; edges-OK = 0)
  PASS  body           phase-step anomaly runs [1, 1, 1, 1, 1] (<= 1: one seam, no tear; max step 45 deg)
  PASS  freq           200.0 Hz vs 201.2 commanded (-0.61%)

== NORMAL 0x12 sine  (fs 2495 S/s, normal, level +0) ==
        gens           [494, 500, 508, 516, 524] -> advancing
        status         edges +19 commits +9 dropped +0 unclassified +19 latency 6 ms polls-before-last 4
  PASS  advancing      5 distinct generations of 5 grabs
  PASS  strobed        PC0 edges +19, commits +9
  PASS  no-commit-unstrobed PC0 edges +19 >= SPI3 OK +19 (dropped +0; edges-OK = 0)
  PASS  body           phase-step anomaly runs [1, 1, 1, 1, 1] (<= 1: one seam, no tear; max step 134 deg)
  PASS  freq           200.3 Hz vs 201.2 commanded (-0.46%)

== NORMAL square 4Hz 0x10  (fs 12490 S/s, normal, level +0) ==
        gens           [574, 580, 584, 592, 598] -> advancing
        status         edges +17 commits +8 dropped +0 unclassified +17 latency 6 ms polls-before-last 10
  PASS  advancing      5 distinct generations of 5 grabs
  PASS  strobed        PC0 edges +17, commits +8
  PASS  no-commit-unstrobed PC0 edges +17 >= SPI3 OK +17 (dropped +0; edges-OK = 0)

== NORMAL square 1Hz 0x12  (fs 2495 S/s, normal, level +0) ==
        gens           [638, 644, 648, 652, 656] -> advancing
        status         edges +12 commits +6 dropped +0 unclassified +12 latency 6 ms polls-before-last 17
  PASS  advancing      5 distinct generations of 5 grabs
  PASS  strobed        PC0 edges +12, commits +6
  PASS  no-commit-unstrobed PC0 edges +12 >= SPI3 OK +12 (dropped +0; edges-OK = 0)

== NORMAL hold above level  (fs 12490 S/s, normal, level +100) ==
        gens           [696, 696, 696, 696, 696] -> held
        status         edges +0 commits +0 dropped +0 unclassified +0 latency 1 ms polls-before-last 1
  PASS  hold           generations frozen at 696
  PASS  no-strobe      PC0 edges +0 with the level above the signal

== NEGCTL AUTO above level  (fs 12490 S/s, auto, level +100) ==
        gens           [704, 712, 718, 726, 732] -> advancing
        status         edges +0 commits +9 dropped +0 unclassified +0 latency 1 ms polls-before-last 1
  PASS  negctl-hold    AUTO above the level ADVANCES (fallback) -- the hold metric can fail
  PASS  negctl-strobe  and strobes nothing (PC0 edges +0): the advance is the fallback, not a trigger

== NORMAL resume level 0  (fs 12490 S/s, normal, level +0) ==
        gens           [752, 764, 776, 788, 798] -> advancing
        status         edges +28 commits +14 dropped +0 unclassified +1 latency 1 ms polls-before-last 4
  PASS  advancing      5 distinct generations of 5 grabs
  PASS  strobed        PC0 edges +28, commits +14
  PASS  no-commit-unstrobed PC0 edges +28 >= SPI3 OK +28 (dropped +0; edges-OK = 0)

== SINGLE one-shot  (fs 12490 S/s, single, level +0) ==
        gens           [826, 826, 826] -> held
  PASS  single         gen 816 -> [826, 826, 826]: one record then held

== AUTO strobed commits  (fs 12490 S/s, auto, level +0) ==
        gens           [838, 848, 860, 874, 888] -> advancing
        status         edges +64 commits +32 dropped +0 unclassified +1 latency 1 ms polls-before-last 4
  PASS  advancing      5 distinct generations of 5 grabs
  PASS  strobed        PC0 edges +64, commits +32
  PASS  auto-strobed   edges/commit 2.00 >= 1.5 over 10 s

== EDGE rising  (fs 2495 S/s, normal, level +0) ==
        gens           [1036, 1040, 1042, 1046, 1050, 1054, 1056, 1058] -> advancing
        status         edges +25 commits +6 dropped +12 unclassified +0 latency 1 ms polls-before-last 10
  PASS  advancing      8 distinct generations of 8 grabs
  PASS  strobed        PC0 edges +25, commits +6
  PASS  no-commit-unstrobed PC0 edges +25 >= SPI3 OK +13 (dropped +12; edges-OK = 12)
  PASS  time-order     seam at index 0 on 8/8 records with a visible seam (seams [0, 0, 0, 0, 0, 0, 0, 0])
  PASS  edge           8 distinct records, all rising (rrrrrrrr)

== EDGE falling  (fs 2495 S/s, normal, level +0) ==
        gens           [1062, 1064, 1068, 1072, 1074, 1078, 1080, 1084] -> advancing
        status         edges +24 commits +5 dropped +13 unclassified +0 latency 1 ms polls-before-last 17
  PASS  advancing      8 distinct generations of 8 grabs
  PASS  strobed        PC0 edges +24, commits +5
  PASS  no-commit-unstrobed PC0 edges +24 >= SPI3 OK +11 (dropped +13; edges-OK = 13)
  FAIL  edge           8 distinct records, all falling (rfffffff)

== NEGCTL edge filter off  (fs 2495 S/s, normal, level +0) ==
        gens           [1092, 1098, 1104, 1110, 1116, 1122, 1128, 1136, 1142, 1148, 1154, 1160] -> advancing
        status         edges +37 commits +18 dropped +0 unclassified +0 latency 1 ms polls-before-last 11
  PASS  advancing      12 distinct generations of 12 grabs
  PASS  strobed        PC0 edges +37, commits +18
  PASS  no-commit-unstrobed PC0 edges +37 >= SPI3 OK +37 (dropped +0; edges-OK = 0)
  PASS  edge-negctl    filter OFF: both edges committed (rfrfrfrrfrfr) -- the edge check can fail

== NEGCTL unrotate off  (fs 2495 S/s, normal, level +0) ==
        gens           [1170, 1174, 1178, 1180, 1184, 1184, 1188, 1190] -> advancing
        status         edges +23 commits +6 dropped +11 unclassified +0 latency 1 ms polls-before-last 5
  PASS  advancing      7 distinct generations of 8 grabs
  PASS  strobed        PC0 edges +23, commits +6
  PASS  no-commit-unstrobed PC0 edges +23 >= SPI3 OK +12 (dropped +11; edges-OK = 11)
  PASS  order-negctl   unrotate OFF: seam away from index 0 ([96, 87, 147, 153, 130, 130, 126, 116]) -- the order check can fail

== UNROTATE fast sine  (fs 12490 S/s, normal, level +0) ==
        gens           [1240, 1252, 1264, 1276, 1288, 1306, 1318, 1330, 1340, 1352] -> advancing
        status         edges +63 commits +31 dropped +0 unclassified +0 latency 1 ms polls-before-last 4
  PASS  advancing      10 distinct generations of 10 grabs
  PASS  strobed        PC0 edges +63, commits +31
  PASS  no-commit-unstrobed PC0 edges +63 >= SPI3 OK +63 (dropped +0; edges-OK = 0)
  PASS  no-internal-break 0/10 records keep a phase break inside ([0, 0, 0, 0, 0, 0, 0, 0, 0, 0]) <= 1

== NEGCTL unrotate off fast sine  (fs 12490 S/s, normal, level +0) ==
        gens           [1376, 1388, 1400, 1412, 1424, 1436, 1450, 1462, 1472, 1484] -> advancing
        status         edges +60 commits +30 dropped +0 unclassified +0 latency 1 ms polls-before-last 4
  PASS  advancing      10 distinct generations of 10 grabs
  PASS  strobed        PC0 edges +60, commits +30
  PASS  no-commit-unstrobed PC0 edges +60 >= SPI3 OK +60 (dropped +0; edges-OK = 0)
  PASS  breaks-negctl  unrotate OFF: 5/10 records with an internal break ([1, 0, 0, 1, 0, 1, 1, 0, 1, 0]) >= 3 -- the check can fail

===== EXP-22 SUMMARY =====
  NORMAL 0x0E sine       PASS
  NORMAL 0x10 sine       PASS
  NORMAL 0x11 sine       PASS
  NORMAL 0x12 sine       PASS
  NORMAL square 4Hz 0x10 PASS
  NORMAL square 1Hz 0x12 PASS
  NORMAL hold above level PASS
  NEGCTL AUTO above level PASS
  NORMAL resume level 0  PASS
  SINGLE one-shot        PASS
  AUTO strobed commits   PASS
  EDGE rising            PASS
  EDGE falling           FAIL
  NEGCTL edge filter off PASS
  NEGCTL unrotate off    PASS
  UNROTATE fast sine     PASS
  NEGCTL unrotate off fast sine PASS
OVERALL: FAIL
