device Build: Sep 22 2026 22:26:32
setup: range 6 both channels, timebase 0x10, soft trigger on

===== TRIGGER / ACQUISITION BLOCK (EXP-54 arms) =====
setup: range 5 CH1, level 0, AUTO; JDS CH1 only
  acq poll gap 30 ms; poll starts 181 ms after a handover (derived: fill + 100 ms); last handover after 197 poll
  acq poll start 181 ms after a handover (derived: fill + 100 ms, rate idx 0x10)
  acq AUTO edge-wait 475 ms before the free-run fallback read (derived from timebase, rate idx 0x10)
  host centre: DAC1=2504 -> record midline 115 (target 114)
  precondition: CH1 record 64..165 span 101 -> OK

== NORMAL 0x0E sine  (fs 49930 S/s, normal, level +0) ==
        gens           [276, 290, 306, 320, 336] -> advancing
        status         edges +39 commits +19 dropped +0 unclassified +0 latency 1 ms polls-before-last 4
  PASS  advancing      5 distinct generations of 5 grabs
  PASS  strobed        PC0 edges +39, commits +19
  PASS  no-commit-unstrobed PC0 edges +39 >= SPI3 OK +39 (dropped +0; edges-OK = 0)

== NORMAL 0x10 sine  (fs 12490 S/s, normal, level +0) ==
        gens           [368, 380, 394, 406, 422] -> advancing
        status         edges +33 commits +16 dropped +0 unclassified +0 latency 1 ms polls-before-last 4
  PASS  advancing      5 distinct generations of 5 grabs
  PASS  strobed        PC0 edges +33, commits +16
  PASS  no-commit-unstrobed PC0 edges +33 >= SPI3 OK +33 (dropped +0; edges-OK = 0)
  PASS  body           phase-step anomaly runs [1, 1, 1, 1, 1] (<= 1: one seam, no tear; max step 116 deg)
  PASS  freq           200.6 Hz vs 201.2 commanded (-0.31%)

== NORMAL 0x11 sine  (fs 4991 S/s, normal, level +0) ==
        gens           [446, 456, 464, 474, 484] -> advancing
        status         edges +24 commits +12 dropped +0 unclassified +0 latency 1 ms polls-before-last 4
  PASS  advancing      5 distinct generations of 5 grabs
  PASS  strobed        PC0 edges +24, commits +12
  PASS  no-commit-unstrobed PC0 edges +24 >= SPI3 OK +24 (dropped +0; edges-OK = 0)
  PASS  body           phase-step anomaly runs [1, 1, 1, 1, 1] (<= 1: one seam, no tear; max step 42 deg)
  PASS  freq           200.0 Hz vs 201.2 commanded (-0.61%)

== NORMAL 0x12 sine  (fs 2495 S/s, normal, level +0) ==
        gens           [502, 506, 510, 514, 522] -> advancing
        status         edges +19 commits +7 dropped +5 unclassified +14 latency 6 ms polls-before-last 4
  PASS  advancing      5 distinct generations of 5 grabs
  PASS  strobed        PC0 edges +19, commits +7
  PASS  no-commit-unstrobed PC0 edges +19 >= SPI3 OK +14 (dropped +5; edges-OK = 5)
  PASS  body           phase-step anomaly runs [1, 1, 1, 1, 1] (<= 1: one seam, no tear; max step 130 deg)
  PASS  freq           200.3 Hz vs 201.2 commanded (-0.46%)

== NORMAL square 4Hz 0x10  (fs 12490 S/s, normal, level +0) ==
        gens           [570, 578, 586, 594, 600] -> advancing
        status         edges +18 commits +9 dropped +0 unclassified +18 latency 6 ms polls-before-last 27
  PASS  advancing      5 distinct generations of 5 grabs
  PASS  strobed        PC0 edges +18, commits +9
  PASS  no-commit-unstrobed PC0 edges +18 >= SPI3 OK +18 (dropped +0; edges-OK = 0)

== NORMAL square 1Hz 0x12  (fs 2495 S/s, normal, level +0) ==
        gens           [640, 646, 652, 658, 662] -> advancing
        status         edges +13 commits +6 dropped +0 unclassified +13 latency 6 ms polls-before-last 16
  PASS  advancing      5 distinct generations of 5 grabs
  PASS  strobed        PC0 edges +13, commits +6
  PASS  no-commit-unstrobed PC0 edges +13 >= SPI3 OK +13 (dropped +0; edges-OK = 0)

== NORMAL hold above level  (fs 12490 S/s, normal, level +100) ==
        gens           [694, 694, 694, 694, 694] -> held
        status         edges +0 commits +0 dropped +0 unclassified +0 latency 1 ms polls-before-last 1
  PASS  hold           generations frozen at 694
  PASS  no-strobe      PC0 edges +0 with the level above the signal

== NEGCTL AUTO above level  (fs 12490 S/s, auto, level +100) ==
        gens           [702, 710, 720, 726, 734] -> advancing
        status         edges +0 commits +10 dropped +0 unclassified +0 latency 1 ms polls-before-last 1
  PASS  negctl-hold    AUTO above the level ADVANCES (fallback) -- the hold metric can fail
  PASS  negctl-strobe  and strobes nothing (PC0 edges +0): the advance is the fallback, not a trigger

== NORMAL resume level 0  (fs 12490 S/s, normal, level +0) ==
        gens           [754, 766, 778, 790, 802] -> advancing
        status         edges +30 commits +15 dropped +0 unclassified +2 latency 1 ms polls-before-last 4
  PASS  advancing      5 distinct generations of 5 grabs
  PASS  strobed        PC0 edges +30, commits +15
  PASS  no-commit-unstrobed PC0 edges +30 >= SPI3 OK +30 (dropped +0; edges-OK = 0)

== SINGLE one-shot  (fs 12490 S/s, single, level +0) ==
        gens           [832, 832, 832] -> held
  PASS  single         gen 820 -> [832, 832, 832]: one record then held

== AUTO strobed commits  (fs 12490 S/s, auto, level +0) ==
        gens           [844, 856, 868, 880, 896] -> advancing
        status         edges +65 commits +32 dropped +0 unclassified +1 latency 1 ms polls-before-last 4
  PASS  advancing      5 distinct generations of 5 grabs
  PASS  strobed        PC0 edges +65, commits +32
  PASS  auto-strobed   edges/commit 2.03 >= 1.5 over 10 s

== EDGE rising  (fs 2495 S/s, normal, level +0) ==
        gens           [1044, 1046, 1050, 1054, 1058, 1060, 1064, 1064] -> advancing
        status         edges +24 commits +5 dropped +13 unclassified +0 latency 1 ms polls-before-last 33
  PASS  advancing      7 distinct generations of 8 grabs
  PASS  strobed        PC0 edges +24, commits +5
  PASS  no-commit-unstrobed PC0 edges +24 >= SPI3 OK +11 (dropped +13; edges-OK = 13)
  PASS  time-order     seam at index 0 on 8/8 records with a visible seam (seams [0, 0, 0, 0, 0, 0, 0, 0])
  PASS  edge           7 distinct records, all rising (rrrrrrr)

== EDGE falling  (fs 2495 S/s, normal, level +0) ==
        gens           [1070, 1072, 1074, 1076, 1078, 1082, 1086, 1088] -> advancing
        status         edges +23 commits +5 dropped +12 unclassified +0 latency 1 ms polls-before-last 33
  PASS  advancing      8 distinct generations of 8 grabs
  PASS  strobed        PC0 edges +23, commits +5
  PASS  no-commit-unstrobed PC0 edges +23 >= SPI3 OK +11 (dropped +12; edges-OK = 12)
  PASS  edge           8 distinct records, all falling (ffffffff)

== NEGCTL edge filter off  (fs 2495 S/s, normal, level +0) ==
        gens           [1102, 1108, 1114, 1120, 1128, 1134, 1140, 1144, 1152, 1158, 1164, 1170] -> advancing
        status         edges +38 commits +19 dropped +0 unclassified +0 latency 1 ms polls-before-last 11
  PASS  advancing      12 distinct generations of 12 grabs
  PASS  strobed        PC0 edges +38, commits +19
  PASS  no-commit-unstrobed PC0 edges +38 >= SPI3 OK +38 (dropped +0; edges-OK = 0)
  PASS  edge-negctl    filter OFF: both edges committed (rfrffrfrrfrf) -- the edge check can fail

== NEGCTL unrotate off  (fs 2495 S/s, normal, level +0) ==
        gens           [1182, 1186, 1190, 1192, 1196, 1198, 1202, 1206] -> advancing
        status         edges +26 commits +6 dropped +13 unclassified +0 latency 1 ms polls-before-last 11
  PASS  advancing      8 distinct generations of 8 grabs
  PASS  strobed        PC0 edges +26, commits +6
  PASS  no-commit-unstrobed PC0 edges +26 >= SPI3 OK +13 (dropped +13; edges-OK = 13)
  PASS  order-negctl   unrotate OFF: seam away from index 0 ([102, 137, 103, 149, 93, 139, 92, 131]) -- the order check can fail

== UNROTATE fast sine  (fs 12490 S/s, normal, level +0) ==
        gens           [1250, 1262, 1280, 1292, 1306, 1318, 1332, 1344, 1356, 1368] -> advancing
        status         edges +66 commits +33 dropped +0 unclassified +0 latency 6 ms polls-before-last 4
  PASS  advancing      10 distinct generations of 10 grabs
  PASS  strobed        PC0 edges +66, commits +33
  PASS  no-commit-unstrobed PC0 edges +66 >= SPI3 OK +66 (dropped +0; edges-OK = 0)
  PASS  no-internal-break 0/10 records keep a phase break inside ([0, 0, 0, 0, 0, 0, 0, 0, 0, 0]) <= 1

== NEGCTL unrotate off fast sine  (fs 12490 S/s, normal, level +0) ==
        gens           [1392, 1406, 1418, 1430, 1442, 1454, 1468, 1480, 1492, 1510] -> advancing
        status         edges +65 commits +32 dropped +0 unclassified +0 latency 1 ms polls-before-last 4
  PASS  advancing      10 distinct generations of 10 grabs
  PASS  strobed        PC0 edges +65, commits +32
  PASS  no-commit-unstrobed PC0 edges +65 >= SPI3 OK +65 (dropped +0; edges-OK = 0)
  PASS  breaks-negctl  unrotate OFF: 7/10 records with an internal break ([0, 1, 1, 1, 0, 1, 1, 1, 1, 0]) >= 3 -- the check can fail

== HPOS x=40  (fs 12490 S/s, normal, level +0) ==
        gens           [1534, 1546, 1558, 1570, 1582, 1594] -> advancing
        status         edges +36 commits +18 dropped +0 unclassified +0 latency 1 ms polls-before-last 4
  PASS  advancing      6 distinct generations of 6 grabs
  PASS  strobed        PC0 edges +36, commits +18
  PASS  no-commit-unstrobed PC0 edges +36 >= SPI3 OK +36 (dropped +0; edges-OK = 0)
  FAIL  hpos           0/6 frames: hardware anchor at column 40, sample there within 6 of level 100, rising (40/1/117 40/1/117 40/1/118 40/1/114 40/1/115 40/1/117)

== HPOS x=160  (fs 12490 S/s, normal, level +0) ==
        gens           [1616, 1628, 1640, 1654, 1664, 1678] -> advancing
        status         edges +37 commits +18 dropped +0 unclassified +2 latency 1 ms polls-before-last 4
  PASS  advancing      6 distinct generations of 6 grabs
  PASS  strobed        PC0 edges +37, commits +18
  PASS  no-commit-unstrobed PC0 edges +37 >= SPI3 OK +37 (dropped +0; edges-OK = 0)
  FAIL  hpos           0/6 frames: hardware anchor at column 160, sample there within 6 of level 100, rising (160/1/117 160/1/116 160/1/116 160/1/114 160/1/114 160/1/116)

== HPOS x=280  (fs 12490 S/s, normal, level +0) ==
        gens           [1700, 1714, 1726, 1742, 1754, 1764] -> advancing
        status         edges +38 commits +19 dropped +0 unclassified +0 latency 1 ms polls-before-last 4
  PASS  advancing      6 distinct generations of 6 grabs
  PASS  strobed        PC0 edges +38, commits +19
  PASS  no-commit-unstrobed PC0 edges +38 >= SPI3 OK +38 (dropped +0; edges-OK = 0)
  FAIL  hpos           0/6 frames: hardware anchor at column 280, sample there within 6 of level 100, rising (280/1/119 280/1/116 280/1/117 280/1/116 280/1/117 280/1/117)

== NEGCTL hpos soft anchor  (fs 12490 S/s, normal, level +30) ==
        gens           [1788, 1800, 1812, 1824, 1836, 1848] -> advancing
        status         edges +35 commits +17 dropped +0 unclassified +2 latency 1 ms polls-before-last 4
  PASS  advancing      6 distinct generations of 6 grabs
  PASS  strobed        PC0 edges +35, commits +17
  PASS  no-commit-unstrobed PC0 edges +35 >= SPI3 OK +35 (dropped +0; edges-OK = 0)
  PASS  hpos-negctl    un-rotation OFF: soft anchor, sample at the column off the level 137 on 6/6 frames (160/1/154 160/1/151 160/1/152 160/1/153 160/1/153 160/1/151) -- the check can fail

trigger-block frames saved to reverse_engineering/captures/exp54/exp22_trigger_block_v17_frames.npz

===== EXP-22 SUMMARY =====
  NORMAL 0x0E sine       PASS
  NORMAL 0x10 sine       PASS
  NORMAL 0x11 sine       PASS
  NORMAL 0x12 sine       PASS
  NORMAL square 4Hz 0x10 PASS
  NORMAL square 1Hz 0x12 PASS
  NORMAL hold above level PASS
  NEGCTL AUTO above level PASS
  NORMAL resume level 0  PASS
  SINGLE one-shot        PASS
  AUTO strobed commits   PASS
  EDGE rising            PASS
  EDGE falling           PASS
  NEGCTL edge filter off PASS
  NEGCTL unrotate off    PASS
  UNROTATE fast sine     PASS
  NEGCTL unrotate off fast sine PASS
  HPOS x=40              FAIL
  HPOS x=160             FAIL
  HPOS x=280             FAIL
  NEGCTL hpos soft anchor PASS
OVERALL: FAIL
