device Build: Oct  5 2026 15:13:06, gcc 14.2.1 20241119
setup: range 6 both channels, timebase 0x10, soft trigger on
centering ch1... fpga scope center ch1 6
centering ch2... fpga scope center ch2 6

===== TRIGGER / ACQUISITION BLOCK (EXP-54 arms) =====
setup: range 5 CH1, level 0, AUTO; JDS CH1 only
  acq poll gap 30 ms; poll starts 181 ms after a handover (derived: fill + 100 ms); last handover after 4 poll r
  acq poll start 181 ms after a handover (derived: fill + 100 ms, rate idx 0x10)
  acq AUTO edge-wait 475 ms before the free-run fallback read (derived from timebase, rate idx 0x10)
  host centre: DAC1=2400 -> record midline 111 (target 114)
  precondition: CH1 record 60..162 span 102 -> OK

== NORMAL 0x0E sine  (fs 49930 S/s, normal, level +0) ==
        gens           [466, 488, 506, 530, 550] -> advancing
        status         edges +53 commits +26 dropped +0 unclassified +1 latency 1 ms polls-before-last 4
  PASS  advancing      5 distinct generations of 5 grabs
  PASS  strobed        PC0 edges +53, commits +26
  PASS  no-commit-unstrobed PC0 edges +53 >= SPI3 OK +53 (dropped +0; edges-OK = 0)

== NORMAL 0x10 sine  (fs 12490 S/s, normal, level +0) ==
        gens           [588, 604, 622, 638, 654] -> advancing
        status         edges +41 commits +20 dropped +0 unclassified +2 latency 1 ms polls-before-last 4
  PASS  advancing      5 distinct generations of 5 grabs
  PASS  strobed        PC0 edges +41, commits +20
  PASS  no-commit-unstrobed PC0 edges +41 >= SPI3 OK +41 (dropped +0; edges-OK = 0)
  PASS  body           phase-step anomaly runs [1, 1, 1, 1, 1] (<= 1: one seam, no tear; max step 102 deg)
  PASS  freq           200.6 Hz vs 201.2 commanded (-0.30%)

== NORMAL 0x11 sine  (fs 4991 S/s, normal, level +0) ==
        gens           [684, 696, 710, 722, 734] -> advancing
        status         edges +32 commits +16 dropped +0 unclassified +1 latency 1 ms polls-before-last 4
  PASS  advancing      5 distinct generations of 5 grabs
  PASS  strobed        PC0 edges +32, commits +16
  PASS  no-commit-unstrobed PC0 edges +32 >= SPI3 OK +32 (dropped +0; edges-OK = 0)
  PASS  body           phase-step anomaly runs [1, 1, 1, 1, 1] (<= 1: one seam, no tear; max step 42 deg)
  PASS  freq           200.0 Hz vs 201.2 commanded (-0.61%)

== NORMAL 0x12 sine  (fs 2495 S/s, normal, level +0) ==
        gens           [760, 764, 774, 780, 790] -> advancing
        status         edges +24 commits +10 dropped +4 unclassified +20 latency 6 ms polls-before-last 4
  PASS  advancing      5 distinct generations of 5 grabs
  PASS  strobed        PC0 edges +24, commits +10
  PASS  no-commit-unstrobed PC0 edges +24 >= SPI3 OK +20 (dropped +4; edges-OK = 4)
  PASS  body           phase-step anomaly runs [1, 1, 1, 1, 1] (<= 1: one seam, no tear; max step 131 deg)
  PASS  freq           200.3 Hz vs 201.2 commanded (-0.46%)

== NORMAL square 4Hz 0x10  (fs 12490 S/s, normal, level +0) ==
        gens           [844, 854, 864, 874, 884] -> advancing
        status         edges +25 commits +12 dropped +0 unclassified +25 latency 6 ms polls-before-last 11
  PASS  advancing      5 distinct generations of 5 grabs
  PASS  strobed        PC0 edges +25, commits +12
  PASS  no-commit-unstrobed PC0 edges +25 >= SPI3 OK +25 (dropped +0; edges-OK = 0)

== NORMAL square 1Hz 0x12  (fs 2495 S/s, normal, level +0) ==
        gens           [928, 934, 940, 946, 952] -> advancing
        status         edges +15 commits +7 dropped +0 unclassified +15 latency 6 ms polls-before-last 16
  PASS  advancing      5 distinct generations of 5 grabs
  PASS  strobed        PC0 edges +15, commits +7
  PASS  no-commit-unstrobed PC0 edges +15 >= SPI3 OK +15 (dropped +0; edges-OK = 0)

== NORMAL hold above level  (fs 12490 S/s, normal, level +100) ==
        gens           [988, 988, 988, 988, 988] -> held
        status         edges +0 commits +0 dropped +0 unclassified +0 latency 1 ms polls-before-last 1
  PASS  hold           generations frozen at 988
  PASS  no-strobe      PC0 edges +0 with the level above the signal

== NEGCTL AUTO above level  (fs 12490 S/s, auto, level +100) ==
        gens           [996, 1006, 1016, 1028, 1038] -> advancing
        status         edges +0 commits +13 dropped +0 unclassified +0 latency 1 ms polls-before-last 1
  PASS  negctl-hold    AUTO above the level ADVANCES (fallback) -- the hold metric can fail
  PASS  negctl-strobe  and strobes nothing (PC0 edges +0): the advance is the fallback, not a trigger

== NORMAL resume level 0  (fs 12490 S/s, normal, level +0) ==
        gens           [1064, 1080, 1096, 1112, 1130] -> advancing
        status         edges +42 commits +21 dropped +0 unclassified +2 latency 1 ms polls-before-last 4
  PASS  advancing      5 distinct generations of 5 grabs
  PASS  strobed        PC0 edges +42, commits +21
  PASS  no-commit-unstrobed PC0 edges +42 >= SPI3 OK +42 (dropped +0; edges-OK = 0)

== SINGLE one-shot  (fs 12490 S/s, single, level +0) ==
        gens           [1168, 1168, 1168] -> held
  PASS  single         gen 1152 -> [1168, 1168, 1168]: one record then held

== AUTO strobed commits  (fs 12490 S/s, auto, level +0) ==
        gens           [1180, 1198, 1214, 1230, 1246] -> advancing
        status         edges +75 commits +37 dropped +0 unclassified +4 latency 1 ms polls-before-last 4
  PASS  advancing      5 distinct generations of 5 grabs
  PASS  strobed        PC0 edges +75, commits +37
  PASS  auto-strobed   edges/commit 2.03 >= 1.5 over 10 s

== EDGE rising  (fs 2495 S/s, normal, level +0) ==
        gens           [1398, 1402, 1406, 1410, 1414, 1418, 1422, 1426] -> advancing
        status         edges +32 commits +8 dropped +16 unclassified +0 latency 1 ms polls-before-last 10
  PASS  advancing      8 distinct generations of 8 grabs
  PASS  strobed        PC0 edges +32, commits +8
  PASS  no-commit-unstrobed PC0 edges +32 >= SPI3 OK +16 (dropped +16; edges-OK = 16)
  PASS  time-order     seam at index 0 on 8/8 records with a visible seam (seams [0, 0, 0, 0, 0, 0, 0, 0])
  PASS  edge           8 distinct records, all rising (rrrrrrrr)

== EDGE falling  (fs 2495 S/s, normal, level +0) ==
        gens           [1434, 1438, 1440, 1444, 1448, 1452, 1456, 1460] -> advancing
        status         edges +31 commits +7 dropped +16 unclassified +0 latency 1 ms polls-before-last 5
  PASS  advancing      8 distinct generations of 8 grabs
  PASS  strobed        PC0 edges +31, commits +7
  PASS  no-commit-unstrobed PC0 edges +31 >= SPI3 OK +15 (dropped +16; edges-OK = 16)
  PASS  edge           8 distinct records, all falling (ffffffff)

== NEGCTL edge filter off  (fs 2495 S/s, normal, level +0) ==
        gens           [1472, 1480, 1488, 1496, 1504, 1512, 1520, 1530, 1538, 1546, 1554, 1562] -> advancing
        status         edges +49 commits +24 dropped +0 unclassified +0 latency 1 ms polls-before-last 10
  PASS  advancing      12 distinct generations of 12 grabs
  PASS  strobed        PC0 edges +49, commits +24
  PASS  no-commit-unstrobed PC0 edges +49 >= SPI3 OK +49 (dropped +0; edges-OK = 0)
  PASS  edge-negctl    filter OFF: both edges committed (ffffrrrfffff) -- the edge check can fail

== NEGCTL unrotate off  (fs 2495 S/s, normal, level +0) ==
        gens           [1576, 1580, 1584, 1588, 1592, 1596, 1600, 1604] -> advancing
        status         edges +32 commits +8 dropped +16 unclassified +0 latency 1 ms polls-before-last 10
  PASS  advancing      8 distinct generations of 8 grabs
  PASS  strobed        PC0 edges +32, commits +8
  PASS  no-commit-unstrobed PC0 edges +32 >= SPI3 OK +16 (dropped +16; edges-OK = 16)
  PASS  order-negctl   unrotate OFF: seam away from index 0 ([182, 180, 166, 164, 138, 154, 139, 138]) -- the order check can fail

== UNROTATE fast sine  (fs 12490 S/s, normal, level +0) ==
        gens           [1646, 1662, 1678, 1696, 1712, 1730, 1748, 1766, 1782, 1800] -> advancing
        status         edges +86 commits +43 dropped +0 unclassified +0 latency 1 ms polls-before-last 4
  PASS  advancing      10 distinct generations of 10 grabs
  PASS  strobed        PC0 edges +86, commits +43
  PASS  no-commit-unstrobed PC0 edges +86 >= SPI3 OK +86 (dropped +0; edges-OK = 0)
  PASS  no-internal-break 0/10 records keep a phase break inside ([0, 0, 0, 0, 0, 0, 0, 0, 0, 0]) <= 1

== NEGCTL unrotate off fast sine  (fs 12490 S/s, normal, level +0) ==
        gens           [1828, 1846, 1862, 1880, 1898, 1914, 1932, 1948, 1966, 1984] -> advancing
        status         edges +86 commits +43 dropped +0 unclassified +0 latency 1 ms polls-before-last 4
  PASS  advancing      10 distinct generations of 10 grabs
  PASS  strobed        PC0 edges +86, commits +43
  PASS  no-commit-unstrobed PC0 edges +86 >= SPI3 OK +86 (dropped +0; edges-OK = 0)
  PASS  breaks-negctl  unrotate OFF: 6/10 records with an internal break ([1, 1, 1, 0, 1, 1, 0, 0, 0, 1]) >= 3 -- the check can fail

== HPOS x=40  (fs 12490 S/s, normal, level +0) ==
        gens           [2014, 2030, 2046, 2062, 2078, 2096] -> advancing
        status         edges +50 commits +25 dropped +0 unclassified +2 latency 1 ms polls-before-last 4
  PASS  advancing      6 distinct generations of 6 grabs
  PASS  strobed        PC0 edges +50, commits +25
  PASS  no-commit-unstrobed PC0 edges +50 >= SPI3 OK +50 (dropped +0; edges-OK = 0)
  PASS  hpos-column    all 6 frames land on column 40 (40/2/102/o1 40/2/103/o1 40/2/100/o1 40/2/100/o1 40/2/101/o1 40/2/100/o1)
  PASS  hpos-hw        6/6 frames time-ordered; each hardware-anchored within 6 of level 100 and rising
  PASS  hpos-fallback  frames not time-ordered use the soft anchor

== HPOS x=160  (fs 12490 S/s, normal, level +0) ==
        gens           [2124, 2140, 2158, 2174, 2190, 2206] -> advancing
        status         edges +50 commits +25 dropped +0 unclassified +3 latency 1 ms polls-before-last 4
  PASS  advancing      6 distinct generations of 6 grabs
  PASS  strobed        PC0 edges +50, commits +25
  PASS  no-commit-unstrobed PC0 edges +50 >= SPI3 OK +50 (dropped +0; edges-OK = 0)
  PASS  hpos-column    all 6 frames land on column 160 (160/2/100/o1 160/2/105/o1 160/2/102/o1 160/2/104/o1 160/2/105/o1 160/2/100/o1)
  PASS  hpos-hw        6/6 frames time-ordered; each hardware-anchored within 6 of level 100 and rising
  PASS  hpos-fallback  frames not time-ordered use the soft anchor

== HPOS x=280  (fs 12490 S/s, normal, level +0) ==
        gens           [2234, 2252, 2268, 2284, 2302, 2318] -> advancing
        status         edges +50 commits +25 dropped +0 unclassified +2 latency 1 ms polls-before-last 4
  PASS  advancing      6 distinct generations of 6 grabs
  PASS  strobed        PC0 edges +50, commits +25
  PASS  no-commit-unstrobed PC0 edges +50 >= SPI3 OK +50 (dropped +0; edges-OK = 0)
  PASS  hpos-column    all 6 frames land on column 280 (280/2/105/o1 280/2/103/o1 280/2/103/o1 280/2/100/o1 280/2/102/o1 280/2/105/o1)
  PASS  hpos-hw        6/6 frames time-ordered; each hardware-anchored within 6 of level 100 and rising
  PASS  hpos-fallback  frames not time-ordered use the soft anchor

== NEGCTL hpos soft anchor  (fs 12490 S/s, normal, level +30) ==
        gens           [2346, 2364, 2380, 2396, 2412, 2428] -> advancing
        status         edges +50 commits +25 dropped +0 unclassified +1 latency 1 ms polls-before-last 4
  PASS  advancing      6 distinct generations of 6 grabs
  PASS  strobed        PC0 edges +50, commits +25
  PASS  no-commit-unstrobed PC0 edges +50 >= SPI3 OK +50 (dropped +0; edges-OK = 0)
  PASS  hpos-negctl    un-rotation OFF: soft anchor, sample at the column off the level 137 on 6/6 frames (160/1/148 160/1/149 160/1/149 160/1/152 160/1/149 160/1/149) -- the check can fail

trigger-block frames saved to /home/david/osc/reverse_engineering/captures/regression/2026-10-05_Oct_5_2026_15_13_06_gcc_14_2_1_20241119/trigger_frames.npz

===== EXP-22 SUMMARY =====
  NORMAL 0x0E sine       PASS
  NORMAL 0x10 sine       PASS
  NORMAL 0x11 sine       PASS
  NORMAL 0x12 sine       PASS
  NORMAL square 4Hz 0x10 PASS
  NORMAL square 1Hz 0x12 PASS
  NORMAL hold above level PASS
  NEGCTL AUTO above level PASS
  NORMAL resume level 0  PASS
  SINGLE one-shot        PASS
  AUTO strobed commits   PASS
  EDGE rising            PASS
  EDGE falling           PASS
  NEGCTL edge filter off PASS
  NEGCTL unrotate off    PASS
  UNROTATE fast sine     PASS
  NEGCTL unrotate off fast sine PASS
  HPOS x=40              PASS
  HPOS x=160             PASS
  HPOS x=280             PASS
  NEGCTL hpos soft anchor PASS
OVERALL: PASS -- trace holds still under phase/amp/freq changes on both channels; acquisition loop triggers, holds and single-shots as specified
