EXP-50c device: Build: Sep 15 2026 15:37:57
drive 201.2 Hz tb 0x12 fill  410 ms  CONTROL single@+230  body  22  22  22  22  23  23  22  23  median 22
drive 201.2 Hz tb 0x12 fill  410 ms  hold fill+30         body  38  46  47  47  47  48  47  15  median 47  >2x ctl: 6/8
drive 201.2 Hz tb 0x12 fill  410 ms  hold fill+60         body  47  51  51  52  52  51  51  51  median 51  >2x ctl: 8/8
drive 201.2 Hz tb 0x12 fill  410 ms  hold fill+100        body  37  43  57  57  57  56  56  57  median 56  >2x ctl: 6/8
drive 201.2 Hz tb 0x12 fill  410 ms  hold fill+150        body  22  65  64  65  48  65  66  65  median 65  >2x ctl: 7/8
drive 201.2 Hz tb 0x12 fill  410 ms  hold fill+230        body  22  23  23  23  23  22  22  22  median 22  >2x ctl: 0/8
drive 201.2 Hz tb 0x12 fill  410 ms  hold fill+330        body  23  22  22  22  22  22  22  23  median 22  >2x ctl: 0/8
drive 201.2 Hz tb 0x11 fill  205 ms  CONTROL single@+230  body  11  12  12  11  11  11  12  12  median 12
drive 201.2 Hz tb 0x11 fill  205 ms  hold fill+30         body  92  10  11  21  10  11  11  11  median 11  >2x ctl: 1/8
drive 201.2 Hz tb 0x11 fill  205 ms  hold fill+60         body  51  11  10  11  11  10  19  11  median 11  >2x ctl: 1/8
drive 201.2 Hz tb 0x11 fill  205 ms  hold fill+100        body  39  11  12  10  17  11  11  10  median 11  >2x ctl: 1/8
drive 201.2 Hz tb 0x11 fill  205 ms  hold fill+150        body  19  11  10  11  11  11  10  11  median 11  >2x ctl: 0/8
drive 201.2 Hz tb 0x11 fill  205 ms  hold fill+230        body  10  11  11  11  12  11  11  11  median 11  >2x ctl: 0/8
drive 201.2 Hz tb 0x11 fill  205 ms  hold fill+330        body  11  11  10  10  11  11  11  12  median 11  >2x ctl: 0/8
drive 201.2 Hz tb 0x10 fill   82 ms  CONTROL single@+230  body   6   6   6   6   6   6   6   6  median 6
drive 201.2 Hz tb 0x10 fill   82 ms  hold fill+30         body   6   6   6   6   6   6   6   6  median 6  >2x ctl: 0/8
drive 201.2 Hz tb 0x10 fill   82 ms  hold fill+60         body   6   6   6   6   6   6   6   6  median 6  >2x ctl: 0/8
drive 201.2 Hz tb 0x10 fill   82 ms  hold fill+100        body   6   6   6   6   6   6   6   6  median 6  >2x ctl: 0/8
drive 201.2 Hz tb 0x10 fill   82 ms  hold fill+150        body  37   7   6   6   7   6   7   7  median 7  >2x ctl: 1/8
drive 201.2 Hz tb 0x10 fill   82 ms  hold fill+230        body   6   6   6   6   6   6   6   6  median 6  >2x ctl: 0/8
drive 201.2 Hz tb 0x10 fill   82 ms  hold fill+330        body   6   6   6   6   6   6   6   6  median 6  >2x ctl: 0/8
drive  50.0 Hz tb 0x12 fill  410 ms  CONTROL single@+230  body   8   7   8   8   7   8   8   8  median 8
drive  50.0 Hz tb 0x12 fill  410 ms  hold fill+30         body  59  58  57  58  57  58  57  56  median 57  >2x ctl: 8/8
drive  50.0 Hz tb 0x12 fill  410 ms  hold fill+60         body  15  66  65  66  66  66  66  66  median 66  >2x ctl: 7/8
drive  50.0 Hz tb 0x12 fill  410 ms  hold fill+100        body   8  78  76  77  76  77  75  77  median 76  >2x ctl: 7/8
drive  50.0 Hz tb 0x12 fill  410 ms  hold fill+150        body   8  89  89  89  88  87  88  87  median 88  >2x ctl: 7/8
drive  50.0 Hz tb 0x12 fill  410 ms  hold fill+230        body   8   8   8   8   8   8   7   8  median 8  >2x ctl: 0/8
drive  50.0 Hz tb 0x12 fill  410 ms  hold fill+330        body   8   8   8   8   8   8   8   8  median 8  >2x ctl: 0/8
drive  50.0 Hz tb 0x11 fill  205 ms  CONTROL single@+230  body   7   8   7   7   7   8   7   7  median 7
drive  50.0 Hz tb 0x11 fill  205 ms  hold fill+30         body  77  92  96  93  92  93  90  97  median 93  >2x ctl: 8/8
drive  50.0 Hz tb 0x11 fill  205 ms  hold fill+60         body  18  77  76  74  74  76  76  83  median 76  >2x ctl: 8/8
drive  50.0 Hz tb 0x11 fill  205 ms  hold fill+100        body   8  56  55  60  56  57  55  55  median 55  >2x ctl: 7/8
drive  50.0 Hz tb 0x11 fill  205 ms  hold fill+150        body  17  81  84  83  85  85  84  83  median 83  >2x ctl: 8/8
drive  50.0 Hz tb 0x11 fill  205 ms  hold fill+230        body   7   7   8   7   7   7   6   7  median 7  >2x ctl: 0/8
drive  50.0 Hz tb 0x11 fill  205 ms  hold fill+330        body   7   6   7   7   7   7   8   7  median 7  >2x ctl: 0/8
drive  50.0 Hz tb 0x10 fill   82 ms  CONTROL single@+230  body  33   9  30   8  29   8  33   8  median 19
drive  50.0 Hz tb 0x10 fill   82 ms  hold fill+30         body   8  34  31   8   8   9  32  32  median 20  >2x ctl: 0/8
drive  50.0 Hz tb 0x10 fill   82 ms  hold fill+60         body  25  32   8   8  28  34  32   8  median 27  >2x ctl: 0/8
drive  50.0 Hz tb 0x10 fill   82 ms  hold fill+100        body  34   9  10  34  33   8   8   9  median 9  >2x ctl: 0/8
drive  50.0 Hz tb 0x10 fill   82 ms  hold fill+150        body  15  37  44  39  38  36  41  41  median 39  >2x ctl: 5/8
drive  50.0 Hz tb 0x10 fill   82 ms  hold fill+230        body  30   8   9  36  32  32   8  24  median 27  >2x ctl: 0/8
drive  50.0 Hz tb 0x10 fill   82 ms  hold fill+330        body  34   8   8   8   9  36  31   8  median 8  >2x ctl: 0/8
done
EXIT 0
