device Build: Oct  3 2026 15:44:28
setup: range 5 CH1, level 0, NORMAL, timebase 0x10; JDS CH1 201.2 Hz 2.0 Vpp
mask teach 8 ch1
mask TEACHING  chans CH1  span 320 from anchor-160  tol v=8 cnt h=2 smp
teach 0/8  rejected 0
tested 0  pass 0  fail 0  skipped 0  missed 0  max-consec-fail 0
last - gen 0
stop-on-fail OFF
heap free 11512 (min ever 11512)
> 
>
  PASS  A teach    state READY spread 7 heap free 11512 (2.3 s)
  PASS  B base     tested 40 pass 40 fail 0 skip 2 [not time-ordered=2]
  PASS  C amp+30%  tested 21 fail 21
  PASS  C recover  tested 21 pass 21
  PASS  D freq+5%  tested 20 fail 20
  PASS  E settings tested 0 skip 14 [not time-ordered=1 settings changed=13]
  PASS  E resume   tested 11 pass 11
  FAIL  F hold     held True after 7.9 s; judged 3 -> 3 while held, 4 after release
  PASS  G health   missed commits 0 throughout

mask status
mask READY  chans CH1  span 320 from anchor-160  tol v=8 cnt h=2 smp
taught under: range 5/6 coupling 0/0 tb 0x10 trig code 128 rising src CH1  spread 7 cnt
tested 3  pass 1  fail 2  skipped 2  missed 0  max-consec-fail 1
skips: not time-ordered=2
last SKIP gen 706 (not time-ordered)
last FAIL gen 704: 139 samples out, first CH1 col 9, worst 9 cnt
stop-on-fail OFF
heap free 11512 (min ever 11512)
> 
>

8/9 criteria met
